     1                                  bits 32 ; assembling for the 32 bits architecture
     2                                  
     3                                  ; declare the EntryPoint (a label defining the very first instruction of the program)
     4                                  global start        
     5                                  
     6                                  ; declare external functions needed by our program
     7                                  extern exit               ; tell nasm that exit exists even if we won't be defining it
     8                                  import exit msvcrt.dll    ; exit is a function that ends the calling process. It is defined in msvcrt.dll
     9                                                            ; msvcrt.dll contains exit, printf and all the other important C-runtime specific functions
    10                                  
    11                                  ; our data is declared here (the variables needed by our program)
    12                                  segment data use32 class=data
    13                                      ; ...
    14 00000000 6B6563736B65206369-         s db 'kecske cic kalak kalap e rutturruttur kocka hhapppahh'
    14 00000009 63206B616C616B206B-
    14 00000012 616C61702065207275-
    14 0000001B 747475727275747475-
    14 00000024 72206B6F636B612068-
    14 0000002D 6861707070616868   
    15                                      lenS equ $ - s
    16 00000035 00                          d db 0
    17                                  ; our code starts here
    18                                  segment code use32 class=code
    19                                      start:
    20                                          ; ...
    21 00000000 B935000000                      mov ecx, lenS
    22 00000005 BE[00000000]                    mov esi, s 
    23 0000000A BF[00000000]                    mov edi, s
    24 0000000F B800000000                      mov eax, 0
    25                                          forS:
    26 00000014 803F20                              cmp [edi], byte ' '
    27 00000017 7529                                jne notSpace
    28 00000019 56                                      push esi
    29 0000001A 57                                      push edi
    30 0000001B 4F                                      dec edi
    31                                                  palindrom:
    32 0000001C 8A16                                        mov dl, [esi]
    33 0000001E 3A17                                        cmp dl, [edi]
    34 00000020 7506                                        jne notSame
    35 00000022 46                                          inc esi
    36 00000023 4F                                          dec edi
    37 00000024 39FE                                    cmp esi, edi
    38 00000026 72F4                                    jb palindrom
    39                                                  notSame:
    40 00000028 39FE                                    cmp esi, edi
    41 0000002A 7209                                    jb palindromConfirmed
    42 0000002C C680[35000000]01                            mov [d + eax], byte 1
    43 00000033 EB07                                        jmp skip
    44                                                  palindromConfirmed:
    45 00000035 C680[35000000]00                            mov [d + eax], byte 0
    46                                                  skip:
    47 0000003C 40                                      inc eax
    48 0000003D 5F                                      pop edi
    49 0000003E 5E                                      pop esi
    50 0000003F 89FE                                    mov esi, edi
    51 00000041 46                                      inc esi
    52                                              notSpace:
    53 00000042 47                                  inc edi
    54 00000043 E2CF                            loop forS
    55 00000045 4F                              dec edi
    56                                          palindrom2:
    57 00000046 8A16                                mov dl, [esi]
    58 00000048 3A17                                cmp dl, [edi]
    59 0000004A 7506                                jne notSame2
    60 0000004C 46                                  inc esi
    61 0000004D 4F                                  dec edi
    62 0000004E 39FE                            cmp esi, edi
    63 00000050 72F4                            jb palindrom2
    64                                          notSame2:
    65 00000052 39FE                            cmp esi, edi
    66 00000054 7209                            jb palindromConfirmed2
    67 00000056 C680[35000000]01                    mov [d + eax], byte 1
    68 0000005D EB07                                jmp skip2
    69                                          palindromConfirmed2:
    70 0000005F C680[35000000]00                    mov [d + eax], byte 0
    71                                          skip2:
    72                                          
    73                                          ; exit(0)
    74 00000066 6A00                            push    dword 0      ; push the parameter for exit onto the stack
    75 00000068 FF15[00000000]                  call    [exit]       ; call exit to terminate the program
