     1                                  bits 32 ; assembling for the 32 bits architecture
     2                                  
     3                                  ; declare the EntryPoint (a label defining the very first instruction of the program)
     4                                  global start        
     5                                  
     6                                  ; declare external functions needed by our program
     7                                  extern exit, scanf, printf               ; tell nasm that exit exists even if we won't be defining it
     8                                  import exit msvcrt.dll    ; exit is a function that ends the calling process. It is defined in msvcrt.dll
     9                                  import scanf msvcrt.dll
    10                                  import printf msvcrt.dll
    11                                                            ; msvcrt.dll contains exit, printf and all the other important C-runtime specific functions
    12                                  extern compute
    13                                  
    14                                  ; our data is declared here (the variables needed by our program)
    15                                  segment data use32 
    16                                      ; ...
    17 00000000 00000000                    a dd 0
    18 00000004 00000000                    b dd 0
    19 00000008 00000000                    c dd 0
    20 0000000C 256420256420256400          format db "%d %d %d", 0
    21 00000015 54686520726573756C-         message db "The result of a + b - c = ", 0
    21 0000001E 74206F662061202B20-
    21 00000027 62202D2063203D2000 
    22                                  ; our code starts here
    23                                  segment code use32 public code
    24                                      start:
    25                                          ; ...
    26                                          
    27 00000000 68[08000000]                    push dword c
    28 00000005 68[04000000]                    push dword b
    29 0000000A 68[00000000]                    push dword a 
    30 0000000F 68[0C000000]                    push dword format 
    31 00000014 FF15[00000000]                  call [scanf]
    32 0000001A 83C410                          add esp, 4 * 4
    33                                          
    34 0000001D 68[08000000]                    push dword c 
    35 00000022 68[04000000]                    push dword b 
    36 00000027 68[00000000]                    push dword a 
    37 0000002C E8(00000000)                    call compute
    38                                          
    39 00000031 50                              push eax
    40 00000032 68[15000000]                    push message
    41 00000037 FF15[00000000]                  call [printf]
    42 0000003D 83C408                          add esp, 4 * 2
    43                                          ; exit(0)
    44 00000040 6A00                            push    dword 0      ; push the parameter for exit onto the stack
    45 00000042 FF15[00000000]                  call    [exit]       ; call exit to terminate the program
